../Nnom/src/backends/nnom_local.c:572:12:alg_deconv2d_calculate_position	20	static
../Nnom/src/backends/nnom_local.c:23:6:local_avepool_q7_HWC	120	static
../Nnom/src/backends/nnom_local.c:67:6:local_avepool_q7_CHW	128	static
../Nnom/src/backends/nnom_local.c:114:6:local_maxpool_q7_HWC	112	static
../Nnom/src/backends/nnom_local.c:158:6:local_maxpool_q7_CHW	120	static
../Nnom/src/backends/nnom_local.c:206:6:local_sumpool_q7_HWC	112	static
../Nnom/src/backends/nnom_local.c:279:6:local_sumpool_q7_CHW	112	static
../Nnom/src/backends/nnom_local.c:355:6:local_up_sampling_q7_HWC	80	static
../Nnom/src/backends/nnom_local.c:387:6:local_up_sampling_q7_CHW	88	static
../Nnom/src/backends/nnom_local.c:421:6:local_convolve_HWC_q7_nonsquare	184	static
../Nnom/src/backends/nnom_local.c:501:6:local_convolve_CHW_q7_nonsquare	152	static
../Nnom/src/backends/nnom_local.c:609:6:local_conv_trans_HWC_q7_nonsquare	192	static
../Nnom/src/backends/nnom_local.c:726:6:local_depthwise_separable_conv_HWC_q7_nonsquare	192	static
../Nnom/src/backends/nnom_local.c:798:6:local_depthwise_separable_conv_CHW_q7_nonsquare	192	static
../Nnom/src/backends/nnom_local.c:872:6:local_zero_padding_HWC_q7	56	static
../Nnom/src/backends/nnom_local.c:912:6:local_zero_padding_CHW_q7	88	static
../Nnom/src/backends/nnom_local.c:956:6:local_cropping_HWC_q7	32	static
../Nnom/src/backends/nnom_local.c:989:6:local_cropping_CHW_q7	56	static
../Nnom/src/backends/nnom_local.c:1020:6:local_dot_q7_opt	96	static
../Nnom/src/backends/nnom_local.c:1124:6:local_dot_q7	36	static
../Nnom/src/backends/nnom_local.c:1142:6:local_fully_connected_q7_opt	104	static
../Nnom/src/backends/nnom_local.c:1268:6:local_fully_connected_q7	56	static
../Nnom/src/backends/nnom_local.c:1304:6:local_softmax_q7	20	static
../Nnom/src/backends/nnom_local.c:1367:6:local_hard_sigmoid_q7	20	static
../Nnom/src/backends/nnom_local.c:1391:6:local_hard_tanh_q7	20	static
../Nnom/src/backends/nnom_local.c:1427:6:local_sigmoid_q7	8	static
../Nnom/src/backends/nnom_local.c:1460:6:local_tanh_q7	8	static
../Nnom/src/backends/nnom_local.c:1497:6:local_relu_q7	0	static
../Nnom/src/backends/nnom_local.c:1509:6:local_leaky_relu_q7	0	static
../Nnom/src/backends/nnom_local.c:1524:6:local_adv_relu_q7	12	static
../Nnom/src/backends/nnom_local.c:1541:6:local_mult_q7	20	static
../Nnom/src/backends/nnom_local.c:1556:6:local_add_q7	20	static
../Nnom/src/backends/nnom_local.c:1571:6:local_sub_q7	20	static
../Nnom/src/backends/nnom_local.c:1588:6:local_multiple_add_q7	24	static
../Nnom/src/backends/nnom_local.c:1606:6:local_multiple_mult_q7	24	static
../Nnom/src/backends/nnom_local.c:1624:6:local_multiple_sub_q7	28	static
../Nnom/src/backends/nnom_local.c:1643:6:local_q7_to_q15_no_shift	16	static
../Nnom/src/backends/nnom_local.c:1663:6:local_q7_to_q15	16	static
../Nnom/src/backends/nnom_local.c:1684:6:local_q15_to_q7	8	static
