../Nnom/src/layers/nnom_activation.c:125:15:activation_free	8	static
../Nnom/src/layers/nnom_activation.c:139:22:relu_run	8	static
../Nnom/src/layers/nnom_activation.c:161:22:leaky_relu_run	16	static
../Nnom/src/layers/nnom_activation.c:172:22:adv_relu_run	32	static
../Nnom/src/layers/nnom_activation.c:202:22:tanh_run	16	static
../Nnom/src/layers/nnom_activation.c:229:22:sigmoid_run	16	static
../Nnom/src/layers/nnom_activation.c:257:22:hard_tanh_run	16	static
../Nnom/src/layers/nnom_activation.c:267:22:hard_sigmoid_run	16	static
../Nnom/src/layers/nnom_activation.c:30:15:Activation	16	static
../Nnom/src/layers/nnom_activation.c:119:6:act_delete	0	static
../Nnom/src/layers/nnom_activation.c:278:20:act_relu	8	static
../Nnom/src/layers/nnom_activation.c:65:15:ReLU	8	static
../Nnom/src/layers/nnom_activation.c:286:20:act_leaky_relu	16	static
../Nnom/src/layers/nnom_activation.c:76:15:LeakyReLU	8	static
../Nnom/src/layers/nnom_activation.c:295:20:act_adv_relu	24	static
../Nnom/src/layers/nnom_activation.c:87:15:AdvReLU	8	static
../Nnom/src/layers/nnom_activation.c:306:20:act_tanh	8	static
../Nnom/src/layers/nnom_activation.c:109:15:TanH	8	static
../Nnom/src/layers/nnom_activation.c:315:20:act_sigmoid	8	static
../Nnom/src/layers/nnom_activation.c:98:15:Sigmoid	8	static
../Nnom/src/layers/nnom_activation.c:325:20:act_hard_tanh	8	static
../Nnom/src/layers/nnom_activation.c:335:20:act_hard_sigmoid	8	static
../Nnom/src/layers/nnom_activation.c:346:9:act_get_dec_bit	0	static
../Nnom/src/layers/nnom_activation.c:365:15:act_tensor_run	0	static
../Nnom/src/layers/nnom_activation.c:132:15:activation_run	0	static
