../Nnom/src/layers/nnom_matrix.c:123:15:matrix_build	24	static
../Nnom/src/layers/nnom_matrix.c:145:15:add_run	64	static
../Nnom/src/layers/nnom_matrix.c:177:15:sub_run	64	static
../Nnom/src/layers/nnom_matrix.c:209:15:mult_run	64	static
../Nnom/src/layers/nnom_matrix.c:92:15:_same_shape_matrix_layer	8	static
../Nnom/src/layers/nnom_matrix.c:54:15:Add	8	static
../Nnom/src/layers/nnom_matrix.c:30:15:add_s	8	static
../Nnom/src/layers/nnom_matrix.c:66:15:Sub	8	static
../Nnom/src/layers/nnom_matrix.c:38:15:sub_s	8	static
../Nnom/src/layers/nnom_matrix.c:78:15:Mult	8	static
../Nnom/src/layers/nnom_matrix.c:46:15:mult_s	8	static
