../Nnom/src/core/nnom.c:263:22:model_active	0	static
../Nnom/src/core/nnom.c:408:26:allocate_block	8	static
../Nnom/src/core/nnom.c:306:13:io_list_delete	16	static
../Nnom/src/core/nnom.c:572:13:print_memory_block_info	24	static
../Nnom/src/core/nnom.c:98:22:find_last	0	static
../Nnom/src/core/nnom.c:124:22:model_add	8	static
../Nnom/src/core/nnom.c:76:15:io_mem_size	16	static
../Nnom/src/core/nnom.c:447:13:release_comp_mem.isra	0	static
../Nnom/src/core/nnom.c:436:13:release_input_mem.isra	0	static
../Nnom/src/core/nnom.c:70:8:nnom_mem_stat	0	static
../Nnom/src/core/nnom.c:90:8:nnom_alignto	0	static
../Nnom/src/core/nnom.c:58:7:nnom_mem	16	static
../Nnom/src/core/nnom.c:212:22:model_hook	24	static
../Nnom/src/core/nnom.c:235:22:model_mergex	28	static
../Nnom/src/core/nnom.c:257:22:model_merge	0	static
../Nnom/src/core/nnom.c:271:15:new_model	8	static
../Nnom/src/core/nnom.c:374:6:model_delete	24	static
../Nnom/src/core/nnom.c:457:8:nnom_io_length	0	static
../Nnom/src/core/nnom.c:471:8:nnom_hook_length	0	static
../Nnom/src/core/nnom.c:595:15:compile_layers	64	static
../Nnom/src/core/nnom.c:819:8:mem_analysis_result	24	static
../Nnom/src/core/nnom.c:836:15:block_mem_set	12	static
../Nnom/src/core/nnom.c:853:15:tensor_mem_set	0	static
../Nnom/src/core/nnom.c:882:15:set_tailed_activation	8	static
../Nnom/src/core/nnom.c:923:15:model_compile	32	static
../Nnom/src/core/nnom.c:999:15:sequencial_compile	8	static
../Nnom/src/core/nnom.c:1008:15:layer_run	16	static
../Nnom/src/core/nnom.c:1029:15:model_run_to	32	static
../Nnom/src/core/nnom.c:1070:15:model_run	0	static
../Nnom/src/core/nnom.c:1076:15:model_set_callback	0	static
../Nnom/src/core/nnom.c:1086:6:model_delete_callback	0	static
../Nnom/src/core/nnom.c:1091:15:check_model_version	8	static
